abool: bool .
car: uid @count .
carMake: string @index(hash) .
dgraph.type: [string] @index(exact) .
dob: datetime @index(day) .
friends: [uid] @reverse @count .
height: float .
name: string @index(term,exact) @upsert .
scores: [int] @index(int) .