abool: bool .
dgraph.type: [string] @index(exact) .
dob: datetime @index(year) .
friends: [uid] @reverse @count .
height: float .
name: string @index(term,exact) @upsert .
scores: [int] @index(int) .